addition
  succeeded
complex
  input:  (8 + 2i) + (7 - 4i)
  output: 1c1
          < 15 - 2i
          ---
          > 2
division
  succeeded
infix-words-error
  succeeded
multiple-digits
  succeeded
multiplication
  succeeded
parens
  input:  (6 + 3) * 2
  output: 1c1
          < 18
          ---
          > 3
subtraction
  succeeded
three-numbers
  input:  5 + 7 + 12
  output: 1c1
          < 24
          ---
          > 12

9 tests, 3 failures
