no-command-file
  There is no command file for the "no-command-file" test.
no-such-application
  The application "fixtures/no_such_application.rb" does not exist.
non-executable-application
  The application "fixtures/non_executable_application.rb" is not executable.

3 tests, 3 failures
