character
  succeeded
multiple-lines
  succeeded
sentence
  succeeded
word
  succeeded

4 tests, 0 failures
