sentence
[32m  succeeded[0m
single-character
[32m  succeeded[0m
word
[32m  succeeded[0m

[32m3 tests, 0 failures[0m
