10
  succeeded
100
  succeeded
1000
  succeeded

3 tests, 0 failures
