Usage: smoke [options] TEST-DIRECTORY
    -c, --[no-]color                 Color output
    -h, --help                       Help me
