args
  succeeded
in
  succeeded

2 tests, 0 failures
