addition
  succeeded
subtraction
  succeeded
multiplication
  succeeded
division
  succeeded
three-numbers
  input:  5 + 7 + 12
  output: @@ -1 +1 @@
          -24
          +12
parentheses
  input:  (6 + 3) * 2
  output: @@ -1 +1 @@
          -18
          +3
complex
  input:  (8 + 2i) + (7 - 4i)
  output: @@ -1 +1 @@
          -15 - 2i
          +2
infix-words-error
  succeeded

8 tests, 3 failures
