addition
[32m  succeeded[0m
subtraction
[32m  succeeded[0m
multiplication
[32m  succeeded[0m
division
[32m  succeeded[0m
three-numbers
[31m  input:  [0m5 + 7 + 12
[31m  output: [0m[36m@@ -1 +1 @@[m
          [31m-24[m
          [32m+[m[32m12[m
parentheses
[31m  input:  [0m(6 + 3) * 2
[31m  output: [0m[36m@@ -1 +1 @@[m
          [31m-18[m
          [32m+[m[32m3[m
complex
[31m  input:  [0m(8 + 2i) + (7 - 4i)
[31m  output: [0m[36m@@ -1 +1 @@[m
          [31m-15 - 2i[m
          [32m+[m[32m2[m
infix-words-error
[32m  succeeded[0m

[31m8 tests, 3 failures[0m
