word
  input:  word
  output: @@ -1 +1 @@
          -xpse
          +jbeq
lines
  input:  one
          two
          three
          four
  output: @@ -1,4 +1,4 @@
          -pof
          -uxp
          -uisff
          -gpvs
          +bar
          +gjb
          +guerr
          +sbhe
color
  input:  this is a [32mgreen[0m word
  output: @@ -1 +1 @@
          -uijt jt b [32mhsffo[0m xpse
          +guvf vf n [32mterra[0m jbeq

3 tests, 3 failures
