copy a file
  succeeded
uppercase a file
  succeeded
lowercase a file
  args:   tr '[:lower:]' '[:upper:]' < input.file > output.file
  files:
    output.file:
          @@ -1 +1 @@
          -here is some text.
          +HERE IS SOME TEXT.
multiple files
  args:   echo three > one; echo two > two; echo one > three
  files:
    one:
          @@ -1 +1 @@
          -one
          +three
    three:
          @@ -1 +1 @@
          -three
          +one
multiple possible file contents
  args:   echo 0 > output.file
  files:
    output.file:
          @@ -1 +1 @@
          -1
          +0
      or: @@ -1 +1 @@
          -2
          +0
      or: @@ -1 +1 @@
          -3
          +0
increment a number
  succeeded

6 tests, 3 failures
