character
  succeeded
word
  succeeded
sentence
  succeeded
paragraph
  succeeded

4 tests, 0 failures
