global/set the working directory for the whole specification
  succeeded
global/override the working directory
  succeeded
local/set the working directory
  succeeded
local/set the working directory to another directory
  succeeded
local/resolve `..`
  succeeded

5 tests, 0 failures
